---
source: crates/latex-reader/tests/insta_snapshots.rs
assertion_line: 39
expression: format_doc(&doc)
---
[0] Table { rows: [TableRow { cells: [TableCell { runs: [TextRun { text: "{c|c}A", style: Plain, span: Span { start: 0, end: 0, source: SourceId(0) } }], colspan: 1, rowspan: 1 }, TableCell { runs: [TextRun { text: "B", style: Plain, span: Span { start: 0, end: 0, source: SourceId(0) } }], colspan: 1, rowspan: 1 }] }, TableRow { cells: [TableCell { runs: [TextRun { text: "C", style: Plain, span: Span { start: 0, end: 0, source: SourceId(0) } }], colspan: 1, rowspan: 1 }, TableCell { runs: [TextRun { text: "D", style: Plain, span: Span { start: 0, end: 0, source: SourceId(0) } }], colspan: 1, rowspan: 1 }] }], caption: None, span: Span { start: 0, end: 0, source: SourceId(0) } }
